// Jest Snapshot v1, https://goo.gl/fbAQLP

exports[`Ejercicio 1 - El componente ProductList 1) Renderiza 1`] = `
<DocumentFragment>
  <ol>
    <li
      class="card"
    >
      <article>
        <figure
          class="img"
        >
          <img
            alt="Samsung Galaxy A03 128 Gb Negro 4 Gb Ram"
            class=""
            decoding="async"
            src="http://http2.mlstatic.com/D_737913-MLA49433851234_032022-I.jpg"
          />
        </figure>
        <div
          class="info-products"
        >
          <h4
            class="title-product"
          >
            Samsung Galaxy A03 128 Gb Negro 4 Gb Ram
          </h4>
          <h3
            class="price"
          >
            $38999
          </h3>
        </div>
        <button>
          Agregar a favoritos
        </button>
      </article>
    </li>
    <li
      class="card"
    >
      <article>
        <figure
          class="img"
        >
          <img
            alt="Motorola Edge 20 Lite 128 Gb Gris 6 Gb Ram"
            class=""
            decoding="async"
            src="http://http2.mlstatic.com/D_833619-MLA48233725917_112021-I.jpg"
          />
        </figure>
        <div
          class="info-products"
        >
          <h4
            class="title-product"
          >
            Motorola Edge 20 Lite 128 Gb Gris 6 Gb Ram
          </h4>
          <h3
            class="price"
          >
            $69999
          </h3>
        </div>
        <button>
          Agregar a favoritos
        </button>
      </article>
    </li>
    <li
      class="card"
    >
      <article>
        <figure
          class="img"
        >
          <img
            alt="Samsung Galaxy S20 Fe 128 Gb Cloud Navy 6 Gb Ram"
            class=""
            decoding="async"
            src="http://http2.mlstatic.com/D_995741-MLA47861036467_102021-I.jpg"
          />
        </figure>
        <div
          class="info-products"
        >
          <h4
            class="title-product"
          >
            Samsung Galaxy S20 Fe 128 Gb Cloud Navy 6 Gb Ram
          </h4>
          <h3
            class="price"
          >
            $112999
          </h3>
        </div>
        <button>
          Agregar a favoritos
        </button>
      </article>
    </li>
    <li
      class="card"
    >
      <article>
        <figure
          class="img"
        >
          <img
            alt=" Moto G22 128 Gb Cosmic Black 4 Gb Ram"
            class=""
            decoding="async"
            src="http://http2.mlstatic.com/D_854793-MLA50262132804_062022-I.jpg"
          />
        </figure>
        <div
          class="info-products"
        >
          <h4
            class="title-product"
          >
             Moto G22 128 Gb Cosmic Black 4 Gb Ram
          </h4>
          <h3
            class="price"
          >
            $53000
          </h3>
        </div>
        <button>
          Agregar a favoritos
        </button>
      </article>
    </li>
    <li
      class="card"
    >
      <article>
        <figure
          class="img"
        >
          <img
            alt="Samsung Galaxy A22 128 Gb Black 4 Gb Ram"
            class=""
            decoding="async"
            src="http://http2.mlstatic.com/D_774406-MLA47777566692_102021-I.jpg"
          />
        </figure>
        <div
          class="info-products"
        >
          <h4
            class="title-product"
          >
            Samsung Galaxy A22 128 Gb Black 4 Gb Ram
          </h4>
          <h3
            class="price"
          >
            $92899
          </h3>
        </div>
        <button>
          Agregar a favoritos
        </button>
      </article>
    </li>
    <li
      class="card"
    >
      <article>
        <figure
          class="img"
        >
          <img
            alt="Samsung Galaxy A32 128 Gb Awesome Black 4 Gb Ram"
            class=""
            decoding="async"
            src="http://http2.mlstatic.com/D_922219-MLA48428094384_122021-I.jpg"
          />
        </figure>
        <div
          class="info-products"
        >
          <h4
            class="title-product"
          >
            Samsung Galaxy A32 128 Gb Awesome Black 4 Gb Ram
          </h4>
          <h3
            class="price"
          >
            $63999
          </h3>
        </div>
        <button>
          Agregar a favoritos
        </button>
      </article>
    </li>
  </ol>
</DocumentFragment>
`;
