// Jest Snapshot v1, https://goo.gl/fbAQLP

exports[`El componente ProductCard 1) Renderiza 1`] = `
<DocumentFragment>
  <li
    class="card"
  >
    <article>
      <figure
        class="img"
      >
        <img
          alt="Samsung Galaxy A03 128 Gb Negro 4 Gb Ram"
          class=""
          decoding="async"
          src="http://http2.mlstatic.com/D_737913-MLA49433851234_032022-I.jpg"
        />
      </figure>
      <div
        class="info-products"
      >
        <h4
          class="price"
        >
          $38999
        </h4>
        <h3
          class="title-product"
        >
          Samsung Galaxy A03 128 Gb Negro 4 Gb Ram 
        </h3>
      </div>
    </article>
  </li>
</DocumentFragment>
`;
